******************************************************************************
                  TMS470 Linker PC v4.6.3                      
******************************************************************************
>> Linked Thu Feb 16 16:57:52 2012

OUTPUT FILE NAME:   <camera_project.out>
ENTRY POINT SYMBOL: "_c_int00"  address: 00000209


MEMORY CONFIGURATION

         name            origin    length      used     unused   attr    fill
----------------------  --------  ---------  --------  --------  ----  --------
  FLASH                 00000000   00040000  000002aa  0003fd56  R  X
  SRAM                  20000000   00010000  00000114  0000feec  RW X


SEGMENT ALLOCATION MAP

run origin  load origin   length   init length attrs members
----------  ----------- ---------- ----------- ----- -------
00000000    00000000    000002b0   000002b0    r-x
  00000000    00000000    0000028a   0000028a    r-x .text
  00000290    00000290    00000020   00000020    r-- .cinit
20000000    20000000    00000100   00000000    rw-
  20000000    20000000    00000100   00000000    rw- .stack
20000100    20000100    00000014   00000014    rw-
  20000100    20000100    00000014   00000014    rw- .data


SECTION ALLOCATION MAP

 output                                  attributes/
section   page    origin      length       input sections
--------  ----  ----------  ----------   ----------------
.text      0    00000000    0000028a     
                  00000000    0000009c     rtsv7M3_T_le_eabi.lib : memcpy_t2.obj (.text)
                  0000009c    00000094                           : auto_init.obj (.text)
                  00000130    0000004c                           : cpy_tbl.obj (.text)
                  0000017c    00000048                           : copy_decompress_rle.obj (.text:decompress:rle)
                  000001c4    00000044                           : exit.obj (.text)
                  00000208    00000034                           : boot.obj (.text)
                  0000023c    00000020                           : args_main.obj (.text)
                  0000025c    00000018                           : _lock.obj (.text)
                  00000274    00000012                           : copy_decompress_none.obj (.text:decompress:none)
                  00000286    00000002     main.obj (.text:main)
                  00000288    00000002     rtsv7M3_T_le_eabi.lib : tdeh_init.obj (.text)

.cinit     0    00000290    00000020     
                  00000290    0000000f     (.cinit..data.load) [load image, compression = rle]
                  0000029f    00000001     --HOLE-- [fill = 0]
                  000002a0    00000008     (__TI_handler_table)
                  000002a8    00000008     (__TI_cinit_table)

.stack     0    20000000    00000100     UNINITIALIZED
                  20000000    00000100     --HOLE--

.data      0    20000100    00000014     
                  20000100    00000008     rtsv7M3_T_le_eabi.lib : _lock.obj (.data)
                  20000108    00000008                           : exit.obj (.data)
                  20000110    00000004                           : stkdepth_vars.obj (.data)


LINKER GENERATED COPY TABLES

__TI_cinit_table @ 000002a8 records: 1, size/record: 8, table size: 8
	.data: load addr=00000290, load size=0000000f bytes, run addr=20000100, run size=00000014 bytes, compression=rle


LINKER GENERATED HANDLER TABLE

__TI_handler_table @ 000002a0 records: 2, size/record: 4, table size: 8
	index: 0, handler: __TI_decompress_rle
	index: 1, handler: __TI_decompress_none


GLOBAL SYMBOLS: SORTED ALPHABETICALLY BY Name 

address    name
--------   ----
000001c5   C$$EXIT
20000100   __STACK_END
00000100   __STACK_SIZE
20000100   __STACK_TOP
000002a8   __TI_CINIT_Base
000002b0   __TI_CINIT_Limit
000002a0   __TI_Handler_Table_Base
000002a8   __TI_Handler_Table_Limit
00000001   __TI_args_main
0000009d   __TI_auto_init
00000275   __TI_decompress_none
0000017d   __TI_decompress_rle
00000000   __TI_static_base__
00000001   __aeabi_memcpy
00000001   __aeabi_memcpy4
00000001   __aeabi_memcpy8
ffffffff   __binit__
ffffffff   __c_args__
20000000   __stack
00000289   __tdeh_init
0000023d   _args_main
00000209   _c_int00
20000108   _cleanup_ptr
2000010c   _dtors_ptr
20000100   _lock
00000269   _nop
00000263   _register_lock
0000025d   _register_unlock
20000104   _unlock
000001c9   abort
ffffffff   binit
00000131   copy_in
000001d1   exit
00000287   main
20000110   main_func_sp
00000001   memcpy


GLOBAL SYMBOLS: SORTED BY Symbol Address 

address    name
--------   ----
00000000   __TI_static_base__
00000001   __TI_args_main
00000001   __aeabi_memcpy
00000001   __aeabi_memcpy4
00000001   __aeabi_memcpy8
00000001   memcpy
0000009d   __TI_auto_init
00000100   __STACK_SIZE
00000131   copy_in
0000017d   __TI_decompress_rle
000001c5   C$$EXIT
000001c9   abort
000001d1   exit
00000209   _c_int00
0000023d   _args_main
0000025d   _register_unlock
00000263   _register_lock
00000269   _nop
00000275   __TI_decompress_none
00000287   main
00000289   __tdeh_init
000002a0   __TI_Handler_Table_Base
000002a8   __TI_CINIT_Base
000002a8   __TI_Handler_Table_Limit
000002b0   __TI_CINIT_Limit
20000000   __stack
20000100   __STACK_END
20000100   __STACK_TOP
20000100   _lock
20000104   _unlock
20000108   _cleanup_ptr
2000010c   _dtors_ptr
20000110   main_func_sp
ffffffff   __binit__
ffffffff   __c_args__
ffffffff   binit

[61 symbols]
